[app.cubeast.com/index.html]
[backblue.gif]
[fade.gif]
[index.html]
[app.cubeast.com/favicon.png]
[app.cubeast.com/assets/icons/meteocons/style.css]
[app.cubeast.com/assets/icons/material-icons/outline/style.css]
[app.cubeast.com/manifest.webmanifest]
[app.cubeast.com/assets/icons/apple-touch.png]
[app.cubeast.com/styles.967a7ce87c5993c9.css]
[app.cubeast.com/assets/logo.png]
[cdn.paddle.com/paddle/paddle.js]
[app.cubeast.com/runtime.9a83b9bd04b32abe.js]
[app.cubeast.com/polyfills.b4b7d4db00a6c429.js]
[app.cubeast.com/index.html]
[app.cubeast.com/assets/icons/meteocons/fonts/meteocons6dfe.ttf]
[app.cubeast.com/main.ce80c2bad0d3985b.js]
[app.cubeast.com/assets/icons/meteocons/fonts/meteocons6dfe.woff]
[app.cubeast.com/assets/icons/meteocons/style.css]
[app.cubeast.com/assets/icons/material-icons/outline/fonts/material-outline-icons34ca.ttf]
[app.cubeast.com/assets/icons/material-icons/outline/fonts/material-outline-icons34ca.woff]
[app.cubeast.com/assets/icons/material-icons/outline/style.css]
[app.cubeast.com/styles.967a7ce87c5993c9.css]
[app.cubeast.com/assets/icons/meteocons/fonts/meteocons6dfe.svg]
[app.cubeast.com/assets/icons/material-icons/outline/fonts/material-outline-icons34ca.svg]
